[0.078s][info][gc] Using G1
[5.414s][info][gc] GC(0) Pause Young (Normal) (G1 Evacuation Pause) 5M->2M(12M) 4.563ms
[5.459s][info][gc] GC(1) Pause Young (Normal) (G1 Evacuation Pause) 4M->3M(12M) 2.787ms
[5.535s][info][gc] GC(2) Pause Young (Normal) (G1 Evacuation Pause) 5M->3M(12M) 2.355ms
[5.623s][info][gc] GC(3) Pause Young (Normal) (G1 Evacuation Pause) 6M->3M(12M) 3.144ms
[5.668s][info][gc] GC(4) Pause Young (Normal) (G1 Evacuation Pause) 6M->3M(12M) 2.085ms
[5.944s][info][gc] GC(5) Pause Young (Normal) (G1 Evacuation Pause) 6M->3M(12M) 1.013ms
[6.092s][info][gc] GC(6) Pause Young (Normal) (G1 Evacuation Pause) 7M->4M(12M) 2.200ms
[6.946s][info][gc] GC(7) Pause Young (Normal) (G1 Evacuation Pause) 8M->4M(12M) 4.752ms
[26.031s][info][gc] GC(8) Pause Young (Normal) (G1 Evacuation Pause) 8M->5M(12M) 2.763ms
[54.046s][info][gc] GC(9) Pause Young (Normal) (G1 Evacuation Pause) 8M->5M(12M) 1.469ms
[94.241s][info][gc] GC(10) Pause Young (Normal) (G1 Evacuation Pause) 9M->5M(12M) 1.397ms
[134.277s][info][gc] GC(11) Pause Young (Normal) (G1 Evacuation Pause) 9M->5M(12M) 2.232ms
[175.322s][info][gc] GC(12) Pause Young (Normal) (G1 Evacuation Pause) 9M->5M(12M) 1.319ms
[216.387s][info][gc] GC(13) Pause Young (Normal) (G1 Evacuation Pause) 9M->5M(12M) 1.361ms
[258.400s][info][gc] GC(14) Pause Young (Normal) (G1 Evacuation Pause) 9M->5M(12M) 2.029ms
[299.423s][info][gc] GC(15) Pause Young (Normal) (G1 Evacuation Pause) 9M->5M(12M) 1.788ms
[339.473s][info][gc] GC(16) Pause Young (Normal) (G1 Evacuation Pause) 9M->5M(12M) 1.656ms
[367.385s][info][gc] GC(17) Pause Young (Concurrent Start) (G1 Humongous Allocation) 7M->5M(12M) 4.408ms
[367.385s][info][gc] GC(18) Concurrent Undo Cycle
[367.385s][info][gc] GC(18) Concurrent Undo Cycle 0.271ms
[409.463s][info][gc] GC(19) Pause Young (Normal) (G1 Evacuation Pause) 10M->6M(12M) 1.912ms
[441.474s][info][gc] GC(20) Pause Young (Concurrent Start) (G1 Evacuation Pause) 9M->6M(12M) 1.625ms
[441.474s][info][gc] GC(21) Concurrent Mark Cycle
[441.529s][info][gc] GC(21) Pause Remark 6M->6M(12M) 34.206ms
[441.533s][info][gc] GC(21) Pause Cleanup 6M->6M(12M) 0.043ms
[441.533s][info][gc] GC(21) Concurrent Mark Cycle 59.196ms
[469.466s][info][gc] GC(22) Pause Young (Prepare Mixed) (G1 Evacuation Pause) 9M->6M(12M) 2.106ms
[500.667s][info][gc] GC(23) Pause Young (Mixed) (G1 Evacuation Pause) 9M->5M(12M) 4.408ms
[503.758s][info][gc] GC(24) Pause Young (Concurrent Start) (G1 Humongous Allocation) 6M->5M(12M) 2.598ms
[503.758s][info][gc] GC(25) Concurrent Mark Cycle
[503.772s][info][gc] GC(26) Pause Young (Normal) (G1 Evacuation Pause) 9M->6M(12M) 2.315ms
[503.781s][info][gc] GC(25) Pause Remark 7M->7M(12M) 8.252ms
[503.785s][info][gc] GC(25) Pause Cleanup 8M->8M(12M) 0.052ms
[503.786s][info][gc] GC(25) Concurrent Mark Cycle 27.298ms
[503.787s][info][gc] GC(27) Pause Young (Prepare Mixed) (G1 Evacuation Pause) 8M->6M(12M) 1.003ms
[503.795s][info][gc] GC(28) Pause Young (Mixed) (G1 Evacuation Pause) 8M->6M(12M) 4.484ms
[503.799s][info][gc] GC(29) Pause Young (Concurrent Start) (G1 Evacuation Pause) 8M->6M(12M) 1.120ms
[503.799s][info][gc] GC(30) Concurrent Mark Cycle
[503.805s][info][gc] GC(31) Pause Young (Normal) (G1 Evacuation Pause) 8M->7M(12M) 0.876ms
[503.815s][info][gc] GC(30) Pause Remark 8M->8M(12M) 5.901ms
[503.818s][info][gc] GC(32) Pause Young (Normal) (G1 Evacuation Pause) 8M->7M(12M) 1.133ms
[503.820s][info][gc] GC(30) Pause Cleanup 7M->7M(12M) 0.044ms
[503.820s][info][gc] GC(30) Concurrent Mark Cycle 20.947ms
[503.823s][info][gc] GC(33) Pause Young (Prepare Mixed) (G1 Evacuation Pause) 9M->7M(12M) 0.991ms
[503.830s][info][gc] GC(34) Pause Young (Mixed) (G1 Evacuation Pause) (Evacuation Failure) 9M->8M(12M) 3.635ms
[503.858s][info][gc] GC(35) Pause Full (G1 Compaction Pause) 8M->6M(12M) 27.328ms
[503.864s][info][gc] GC(36) Pause Young (Concurrent Start) (G1 Evacuation Pause) 8M->6M(12M) 0.746ms
[503.864s][info][gc] GC(37) Concurrent Mark Cycle
[503.871s][info][gc] GC(38) Pause Young (Normal) (G1 Evacuation Pause) 8M->6M(12M) 0.508ms
[503.876s][info][gc] GC(37) Pause Remark 7M->7M(12M) 2.696ms
[503.879s][info][gc] GC(39) Pause Young (Normal) (G1 Evacuation Pause) 8M->6M(12M) 0.506ms
[503.879s][info][gc] GC(37) Pause Cleanup 7M->7M(12M) 0.021ms
[503.880s][info][gc] GC(37) Concurrent Mark Cycle 15.394ms
[503.882s][info][gc] GC(40) Pause Young (Prepare Mixed) (G1 Evacuation Pause) 8M->7M(12M) 0.703ms
[504.647s][info][gc] GC(41) Pause Young (Mixed) (G1 Evacuation Pause) 10M->5M(12M) 1.610ms
[543.512s][info][gc] GC(42) Pause Young (Concurrent Start) (G1 Evacuation Pause) 9M->5M(12M) 0.902ms
[543.512s][info][gc] GC(43) Concurrent Mark Cycle
[543.525s][info][gc] GC(43) Pause Remark 5M->5M(12M) 4.054ms
[543.528s][info][gc] GC(43) Pause Cleanup 5M->5M(12M) 0.043ms
[543.529s][info][gc] GC(43) Concurrent Mark Cycle 16.388ms
[574.702s][info][gc] GC(44) Pause Young (Prepare Mixed) (G1 Evacuation Pause) 8M->5M(12M) 1.006ms
[606.534s][info][gc] GC(45) Pause Young (Mixed) (G1 Evacuation Pause) 8M->5M(12M) 2.595ms
[635.764s][info][gc] GC(46) Pause Young (Concurrent Start) (G1 Evacuation Pause) 8M->5M(12M) 0.847ms
[635.764s][info][gc] GC(47) Concurrent Mark Cycle
[635.777s][info][gc] GC(47) Pause Remark 5M->5M(12M) 3.993ms
[635.780s][info][gc] GC(47) Pause Cleanup 5M->5M(12M) 0.037ms
[635.780s][info][gc] GC(47) Concurrent Mark Cycle 15.423ms
[666.738s][info][gc] GC(48) Pause Young (Normal) (G1 Evacuation Pause) 8M->5M(12M) 0.698ms
[697.827s][info][gc] GC(49) Pause Young (Concurrent Start) (G1 Evacuation Pause) 8M->5M(12M) 0.861ms
[697.827s][info][gc] GC(50) Concurrent Mark Cycle
[697.840s][info][gc] GC(50) Pause Remark 5M->5M(12M) 2.039ms
[697.842s][info][gc] GC(50) Pause Cleanup 5M->5M(12M) 0.034ms
[697.843s][info][gc] GC(50) Concurrent Mark Cycle 15.280ms
[729.863s][info][gc] GC(51) Pause Young (Normal) (G1 Evacuation Pause) 8M->5M(12M) 0.720ms
[761.902s][info][gc] GC(52) Pause Young (Concurrent Start) (G1 Evacuation Pause) 8M->5M(12M) 0.763ms
[761.902s][info][gc] GC(53) Concurrent Mark Cycle
[761.914s][info][gc] GC(53) Pause Remark 5M->5M(12M) 3.603ms
[761.917s][info][gc] GC(53) Pause Cleanup 5M->5M(12M) 0.037ms
[761.917s][info][gc] GC(53) Concurrent Mark Cycle 14.342ms
[791.931s][info][gc] GC(54) Pause Young (Normal) (G1 Evacuation Pause) 8M->5M(12M) 0.884ms
[807.264s][info][gc] GC(55) Pause Young (Concurrent Start) (G1 Humongous Allocation) 6M->5M(12M) 1.794ms
[807.264s][info][gc] GC(56) Concurrent Mark Cycle
[807.281s][info][gc] GC(56) Pause Remark 6M->6M(12M) 4.880ms
[807.283s][info][gc] GC(56) Pause Cleanup 6M->6M(12M) 0.036ms
[807.283s][info][gc] GC(56) Concurrent Mark Cycle 19.789ms
[838.969s][info][gc] GC(57) Pause Young (Normal) (G1 Evacuation Pause) 9M->5M(12M) 0.754ms
[870.997s][info][gc] GC(58) Pause Young (Concurrent Start) (G1 Evacuation Pause) 8M->5M(12M) 0.841ms
[870.997s][info][gc] GC(59) Concurrent Mark Cycle
[871.007s][info][gc] GC(59) Pause Remark 5M->5M(12M) 1.887ms
[871.009s][info][gc] GC(59) Pause Cleanup 5M->5M(12M) 0.049ms
[871.009s][info][gc] GC(59) Concurrent Mark Cycle 12.129ms
[903.026s][info][gc] GC(60) Pause Young (Normal) (G1 Evacuation Pause) 8M->5M(12M) 0.832ms
[934.057s][info][gc] GC(61) Pause Young (Concurrent Start) (G1 Evacuation Pause) 8M->5M(12M) 0.848ms
[934.057s][info][gc] GC(62) Concurrent Mark Cycle
[934.067s][info][gc] GC(62) Pause Remark 5M->5M(12M) 1.808ms
[934.069s][info][gc] GC(62) Pause Cleanup 5M->5M(12M) 0.028ms
[934.070s][info][gc] GC(62) Concurrent Mark Cycle 12.970ms
[966.093s][info][gc] GC(63) Pause Young (Normal) (G1 Evacuation Pause) 8M->5M(12M) 0.806ms
[998.683s][info][gc] GC(64) Pause Young (Concurrent Start) (G1 Evacuation Pause) 8M->5M(12M) 1.067ms
[998.683s][info][gc] GC(65) Concurrent Mark Cycle
[998.696s][info][gc] GC(65) Pause Remark 5M->5M(12M) 3.255ms
[998.700s][info][gc] GC(65) Pause Cleanup 5M->5M(12M) 0.044ms
[998.700s][info][gc] GC(65) Concurrent Mark Cycle 16.934ms
[1031.158s][info][gc] GC(66) Pause Young (Normal) (G1 Evacuation Pause) 8M->5M(12M) 0.740ms
[1032.442s][info][gc] GC(67) Pause Young (Concurrent Start) (G1 Humongous Allocation) 5M->5M(12M) 1.282ms
[1032.442s][info][gc] GC(68) Concurrent Mark Cycle
[1032.457s][info][gc] GC(68) Pause Remark 6M->6M(12M) 4.188ms
[1032.464s][info][gc] GC(68) Pause Cleanup 6M->6M(12M) 0.084ms
[1032.464s][info][gc] GC(68) Concurrent Mark Cycle 22.283ms
[1065.183s][info][gc] GC(69) Pause Young (Normal) (G1 Evacuation Pause) 9M->6M(12M) 0.763ms
[1086.731s][info][gc] GC(70) Pause Young (Concurrent Start) (G1 Evacuation Pause) 8M->6M(12M) 0.753ms
[1086.731s][info][gc] GC(71) Concurrent Mark Cycle
[1086.745s][info][gc] GC(71) Pause Remark 6M->6M(12M) 4.255ms
[1086.749s][info][gc] GC(71) Pause Cleanup 6M->6M(12M) 0.050ms
[1086.749s][info][gc] GC(71) Concurrent Mark Cycle 17.773ms
[1103.216s][info][gc] GC(72) Pause Young (Normal) (G1 Evacuation Pause) 8M->6M(12M) 0.913ms
[1125.233s][info][gc] GC(73) Pause Young (Concurrent Start) (G1 Evacuation Pause) 8M->6M(12M) 0.870ms
[1125.234s][info][gc] GC(74) Concurrent Mark Cycle
[1125.244s][info][gc] GC(74) Pause Remark 6M->6M(12M) 1.731ms
[1125.247s][info][gc] GC(74) Pause Cleanup 6M->6M(12M) 0.036ms
[1125.247s][info][gc] GC(74) Concurrent Mark Cycle 13.195ms
[1146.247s][info][gc] GC(75) Pause Young (Normal) (G1 Evacuation Pause) 8M->5M(12M) 0.850ms
[1178.275s][info][gc] GC(76) Pause Young (Concurrent Start) (G1 Evacuation Pause) 8M->5M(12M) 0.988ms
[1178.275s][info][gc] GC(77) Concurrent Mark Cycle
[1178.285s][info][gc] GC(77) Pause Remark 5M->5M(12M) 1.722ms
[1178.287s][info][gc] GC(77) Pause Cleanup 5M->5M(12M) 0.030ms
[1178.287s][info][gc] GC(77) Concurrent Mark Cycle 12.381ms
[1209.299s][info][gc] GC(78) Pause Young (Normal) (G1 Evacuation Pause) 8M->5M(12M) 0.703ms
[1242.326s][info][gc] GC(79) Pause Young (Concurrent Start) (G1 Evacuation Pause) 8M->5M(12M) 0.930ms
[1242.326s][info][gc] GC(80) Concurrent Mark Cycle
[1242.338s][info][gc] GC(80) Pause Remark 5M->5M(12M) 3.385ms
[1242.340s][info][gc] GC(80) Pause Cleanup 5M->5M(12M) 0.036ms
[1242.341s][info][gc] GC(80) Concurrent Mark Cycle 14.236ms
[1272.356s][info][gc] GC(81) Pause Young (Normal) (G1 Evacuation Pause) 8M->5M(12M) 0.790ms
[1304.830s][info][gc] GC(82) Pause Young (Concurrent Start) (G1 Evacuation Pause) 8M->5M(12M) 0.915ms
[1304.830s][info][gc] GC(83) Concurrent Mark Cycle
[1304.843s][info][gc] GC(83) Pause Remark 5M->5M(12M) 2.133ms
[1304.845s][info][gc] GC(83) Pause Cleanup 5M->5M(12M) 0.044ms
[1304.845s][info][gc] GC(83) Concurrent Mark Cycle 15.383ms
