[0.020s][info][gc] Using Parallel
[0.899s][info][gc] GC(0) Pause Young (Allocation Failure) 3M->1M(11M) 4.687ms
[4.019s][info][gc] GC(1) Pause Young (Allocation Failure) 4M->2M(11M) 3.682ms
[4.105s][info][gc] GC(2) Pause Young (Allocation Failure) 5M->3M(11M) 3.464ms
[4.205s][info][gc] GC(3) Pause Young (Allocation Failure) 6M->3M(11M) 3.751ms
[4.242s][info][gc] GC(4) Pause Young (Allocation Failure) 6M->4M(11M) 2.892ms
[4.487s][info][gc] GC(5) Pause Young (Allocation Failure) 7M->5M(10M) 4.289ms
[4.582s][info][gc] GC(6) Pause Young (Allocation Failure) 7M->6M(11M) 2.664ms
[4.635s][info][gc] GC(7) Pause Young (Allocation Failure) 8M->6M(11M) 1.338ms
[5.046s][info][gc] GC(8) Pause Young (Allocation Failure) 8M->6M(11M) 2.125ms
[5.146s][info][gc] GC(9) Pause Young (Allocation Failure) 8M->6M(11M) 2.305ms
[10.803s][info][gc] GC(10) Pause Young (Allocation Failure) 8M->7M(11M) 2.791ms
[10.826s][info][gc] GC(11) Pause Full (Ergonomics) 7M->4M(11M) 22.658ms
[26.201s][info][gc] GC(12) Pause Young (Allocation Failure) 6M->4M(11M) 0.534ms
[46.250s][info][gc] GC(13) Pause Young (Allocation Failure) 6M->4M(11M) 0.499ms
[67.272s][info][gc] GC(14) Pause Young (Allocation Failure) 6M->4M(11M) 0.509ms
[89.225s][info][gc] GC(15) Pause Young (Allocation Failure) 6M->4M(11M) 0.381ms
[111.315s][info][gc] GC(16) Pause Young (Allocation Failure) 6M->4M(11M) 0.467ms
[132.335s][info][gc] GC(17) Pause Young (Allocation Failure) 6M->4M(11M) 0.550ms
[154.354s][info][gc] GC(18) Pause Young (Allocation Failure) 6M->4M(11M) 0.437ms
[176.401s][info][gc] GC(19) Pause Young (Allocation Failure) 6M->5M(11M) 0.551ms
[198.416s][info][gc] GC(20) Pause Young (Allocation Failure) 7M->5M(11M) 1.234ms
[221.437s][info][gc] GC(21) Pause Young (Allocation Failure) 7M->5M(11M) 1.052ms
[243.458s][info][gc] GC(22) Pause Young (Allocation Failure) 7M->5M(11M) 0.747ms
[265.480s][info][gc] GC(23) Pause Young (Allocation Failure) 7M->5M(11M) 0.763ms
[287.749s][info][gc] GC(24) Pause Young (Allocation Failure) 7M->5M(11M) 8.769ms
[308.774s][info][gc] GC(25) Pause Young (Allocation Failure) 7M->5M(11M) 2.964ms
[330.787s][info][gc] GC(26) Pause Young (Allocation Failure) 7M->5M(11M) 8.642ms
[351.814s][info][gc] GC(27) Pause Young (Allocation Failure) 7M->5M(11M) 8.458ms
[372.602s][info][gc] GC(28) Pause Young (Allocation Failure) 7M->5M(11M) 5.618ms
[383.836s][info][gc] GC(29) Pause Young (Allocation Failure) 7M->6M(11M) 3.964ms
[405.811s][info][gc] GC(30) Pause Young (Allocation Failure) 8M->6M(11M) 0.648ms
[427.879s][info][gc] GC(31) Pause Young (Allocation Failure) 8M->6M(11M) 8.824ms
[449.901s][info][gc] GC(32) Pause Young (Allocation Failure) 8M->6M(11M) 8.367ms
[472.915s][info][gc] GC(33) Pause Young (Allocation Failure) 8M->6M(11M) 0.351ms
[494.937s][info][gc] GC(34) Pause Young (Allocation Failure) 8M->6M(11M) 0.363ms
[517.868s][info][gc] GC(35) Pause Young (Allocation Failure) 8M->6M(11M) 0.410ms
[539.967s][info][gc] GC(36) Pause Young (Allocation Failure) 8M->6M(11M) 0.748ms
[562.983s][info][gc] GC(37) Pause Young (Allocation Failure) 8M->6M(11M) 0.378ms
[585.903s][info][gc] GC(38) Pause Young (Allocation Failure) 8M->6M(11M) 6.987ms
[608.013s][info][gc] GC(39) Pause Young (Allocation Failure) 8M->6M(11M) 0.443ms
[631.034s][info][gc] GC(40) Pause Young (Allocation Failure) 8M->6M(11M) 0.795ms
[654.046s][info][gc] GC(41) Pause Young (Allocation Failure) 8M->6M(11M) 0.362ms
[683.069s][info][gc] GC(42) Pause Young (Allocation Failure) 8M->6M(11M) 0.589ms
[712.100s][info][gc] GC(43) Pause Young (Allocation Failure) 8M->6M(11M) 0.907ms
[741.138s][info][gc] GC(44) Pause Young (Allocation Failure) 8M->6M(11M) 0.526ms
[742.066s][info][gc] GC(45) Pause Young (Allocation Failure) 8M->7M(11M) 3.610ms
[742.204s][info][gc] GC(46) Pause Full (Ergonomics) 7M->6M(11M) 136.409ms
[742.217s][info][gc] GC(47) Pause Young (Allocation Failure) 8M->6M(11M) 0.971ms
[742.223s][info][gc] GC(48) Pause Young (Allocation Failure) 8M->6M(11M) 0.592ms
[742.230s][info][gc] GC(49) Pause Young (Allocation Failure) 8M->6M(10M) 1.918ms
[742.237s][info][gc] GC(50) Pause Young (Allocation Failure) 8M->6M(11M) 0.705ms
[742.243s][info][gc] GC(51) Pause Young (Allocation Failure) 8M->6M(11M) 2.465ms
[742.247s][info][gc] GC(52) Pause Young (Allocation Failure) 8M->6M(11M) 1.163ms
[742.252s][info][gc] GC(53) Pause Young (Allocation Failure) 8M->6M(11M) 1.244ms
[742.256s][info][gc] GC(54) Pause Young (Allocation Failure) 8M->6M(11M) 0.648ms
[742.260s][info][gc] GC(55) Pause Young (Allocation Failure) 8M->6M(11M) 0.512ms
[742.264s][info][gc] GC(56) Pause Young (Allocation Failure) 8M->6M(11M) 0.505ms
[742.268s][info][gc] GC(57) Pause Young (Allocation Failure) 8M->7M(11M) 0.812ms
[742.272s][info][gc] GC(58) Pause Young (Allocation Failure) 8M->7M(11M) 0.329ms
[752.150s][info][gc] GC(59) Pause Young (Allocation Failure) 9M->6M(11M) 0.377ms
[773.968s][info][gc] GC(60) Pause Young (Allocation Failure) 8M->6M(11M) 0.319ms
[796.191s][info][gc] GC(61) Pause Young (Allocation Failure) 8M->6M(11M) 0.322ms
[819.213s][info][gc] GC(62) Pause Young (Allocation Failure) 8M->6M(11M) 0.420ms
[842.240s][info][gc] GC(63) Pause Young (Allocation Failure) 8M->6M(11M) 0.495ms
[865.259s][info][gc] GC(64) Pause Young (Allocation Failure) 8M->6M(11M) 0.315ms
[888.278s][info][gc] GC(65) Pause Young (Allocation Failure) 8M->6M(11M) 0.449ms
[910.295s][info][gc] GC(66) Pause Young (Allocation Failure) 8M->6M(11M) 0.540ms
[933.315s][info][gc] GC(67) Pause Young (Allocation Failure) 8M->6M(11M) 1.787ms
[957.051s][info][gc] GC(68) Pause Young (Allocation Failure) 8M->6M(11M) 0.270ms
[968.343s][info][gc] GC(69) Pause Young (Allocation Failure) 8M->6M(11M) 0.313ms
[991.366s][info][gc] GC(70) Pause Young (Allocation Failure) 8M->6M(11M) 0.569ms
[1015.384s][info][gc] GC(71) Pause Young (Allocation Failure) 8M->6M(11M) 0.276ms
[1037.407s][info][gc] GC(72) Pause Young (Allocation Failure) 8M->6M(11M) 0.312ms
[1061.090s][info][gc] GC(73) Pause Young (Allocation Failure) 8M->6M(11M) 0.310ms
[1084.448s][info][gc] GC(74) Pause Young (Allocation Failure) 8M->6M(11M) 0.484ms
[1107.468s][info][gc] GC(75) Pause Young (Allocation Failure) 8M->6M(11M) 0.474ms
[1131.125s][info][gc] GC(76) Pause Young (Allocation Failure) 8M->6M(11M) 0.337ms
[1154.511s][info][gc] GC(77) Pause Young (Allocation Failure) 8M->6M(11M) 0.311ms
[1177.534s][info][gc] GC(78) Pause Young (Allocation Failure) 8M->6M(11M) 0.858ms
[1193.091s][info][gc] GC(79) Pause Young (Allocation Failure) 8M->6M(11M) 1.232ms
[1216.560s][info][gc] GC(80) Pause Young (Allocation Failure) 9M->7M(11M) 2.212ms
[1216.645s][info][gc] GC(81) Pause Full (Ergonomics) 7M->5M(11M) 84.255ms
[1244.178s][info][gc] GC(82) Pause Young (Allocation Failure) 8M->6M(11M) 9.024ms
[1278.610s][info][gc] GC(83) Pause Young (Allocation Failure) 9M->6M(11M) 0.413ms
[1313.215s][info][gc] GC(84) Pause Young (Allocation Failure) 9M->6M(11M) 0.771ms
[1347.674s][info][gc] GC(85) Pause Young (Allocation Failure) 9M->6M(11M) 0.430ms
[1383.241s][info][gc] GC(86) Pause Young (Allocation Failure) 9M->6M(11M) 0.515ms
[1418.487s][info][gc] GC(87) Pause Young (Allocation Failure) 9M->6M(11M) 0.450ms
[1454.245s][info][gc] GC(88) Pause Young (Allocation Failure) 9M->6M(11M) 0.516ms
[1489.252s][info][gc] GC(89) Pause Young (Allocation Failure) 9M->6M(11M) 9.005ms
[1523.295s][info][gc] GC(90) Pause Young (Allocation Failure) 9M->6M(11M) 0.438ms
